2025-09-13 12:25:25,988 - cli - ERROR - npx not found. Please ensure Node.js and npm are properly installed and added to your system PATH. You may need to restart your terminal after installation.
2025-09-13 12:27:25,047 - cli - ERROR - npx not found. Please ensure Node.js and npm are properly installed and added to your system PATH. You may need to restart your terminal after installation.
2025-09-13 12:28:50,618 - cli - ERROR - npx not found. Please ensure Node.js and npm are properly installed and added to your system PATH. You may need to restart your terminal after installation.
2025-09-13 12:29:52,127 - cli - ERROR - npx not found. Please ensure Node.js and npm are properly installed and added to your system PATH. You may need to restart your terminal after installation.
2025-09-13 12:30:57,373 - cli - ERROR - npx not found. Please ensure Node.js and npm are properly installed and added to your system PATH. You may need to restart your terminal after installation.
2025-09-13 12:36:49,083 - cli - ERROR - npx not found. Please ensure Node.js and npm are properly installed and added to your system PATH. You may need to restart your terminal after installation.
2025-09-13 12:37:42,782 - mcp.server.lowlevel.server - INFO - Processing request of type ListToolsRequest
2025-09-13 12:37:45,347 - mcp.server.lowlevel.server - INFO - Processing request of type CallToolRequest
2025-09-13 12:38:47,064 - mcp.server.lowlevel.server - INFO - Processing request of type ListToolsRequest
2025-09-13 12:38:49,812 - mcp.server.lowlevel.server - INFO - Processing request of type CallToolRequest
2025-09-13 12:40:44,702 - mcp.server.lowlevel.server - INFO - Processing request of type ListToolsRequest
2025-09-13 12:40:50,301 - mcp.server.lowlevel.server - INFO - Processing request of type CallToolRequest
2025-09-13 12:40:51,195 - functions - INFO - Initializing fleet manager for fleet 1132012206985, main character 95147667
2025-09-13 12:40:52,634 - functions - INFO - Fleet members renewed successfully: 1 members
2025-09-13 12:40:52,635 - functions - INFO - Fleet manager initialized successfully
2025-09-13 12:41:53,632 - functions - INFO - Fleet members renewed successfully: 1 members
2025-09-13 12:42:20,939 - mcp.server.lowlevel.server - INFO - Processing request of type ListToolsRequest
2025-09-13 12:42:23,079 - mcp.server.lowlevel.server - INFO - Processing request of type CallToolRequest
2025-09-13 12:42:23,960 - functions - INFO - Initializing fleet manager for fleet 1132012206985, main character 95147667
2025-09-13 12:42:25,360 - functions - INFO - Fleet members renewed successfully: 1 members
2025-09-13 12:42:25,361 - functions - INFO - Fleet manager initialized successfully
2025-09-13 12:43:26,302 - functions - INFO - Fleet members renewed successfully: 1 members
2025-09-13 12:44:27,328 - functions - INFO - Fleet members renewed successfully: 1 members
2025-09-13 12:45:28,301 - functions - INFO - Fleet members renewed successfully: 1 members
2025-09-13 12:46:29,254 - functions - INFO - Fleet members renewed successfully: 1 members
2025-09-13 12:47:30,237 - functions - INFO - Fleet members renewed successfully: 1 members
2025-09-13 12:48:38,654 - mcp.server.lowlevel.server - INFO - Processing request of type ListToolsRequest
2025-09-13 12:48:40,662 - mcp.server.lowlevel.server - INFO - Processing request of type CallToolRequest
2025-09-13 12:48:41,600 - functions - INFO - Initializing fleet manager for fleet 1132012206985, main character 95147667
2025-09-13 12:48:43,085 - functions - INFO - Fleet members renewed successfully: 1 members
2025-09-13 12:48:43,086 - functions - INFO - Fleet manager initialized successfully
2025-09-13 12:49:44,065 - functions - INFO - Fleet members renewed successfully: 1 members
2025-09-13 12:50:45,013 - functions - INFO - Fleet members renewed successfully: 1 members
2025-09-13 12:51:45,971 - functions - INFO - Fleet members renewed successfully: 1 members
2025-09-13 12:52:46,948 - functions - INFO - Fleet members renewed successfully: 1 members
2025-09-13 12:53:47,913 - functions - INFO - Fleet members renewed successfully: 1 members
2025-09-13 12:54:48,904 - functions - INFO - Fleet members renewed successfully: 1 members
2025-09-13 12:55:49,838 - functions - INFO - Fleet members renewed successfully: 1 members
2025-09-13 12:56:50,791 - functions - INFO - Fleet members renewed successfully: 1 members
2025-09-13 12:57:51,753 - functions - INFO - Fleet members renewed successfully: 1 members
2025-09-13 12:58:52,664 - functions - INFO - Fleet members renewed successfully: 1 members
2025-09-13 12:59:53,634 - functions - INFO - Fleet members renewed successfully: 1 members
2025-09-13 13:00:54,629 - functions - INFO - Fleet members renewed successfully: 1 members
2025-09-13 13:01:55,598 - functions - INFO - Fleet members renewed successfully: 1 members
2025-09-13 13:02:56,548 - functions - INFO - Fleet members renewed successfully: 1 members
2025-09-13 13:03:57,520 - functions - INFO - Fleet members renewed successfully: 1 members
2025-09-13 13:10:19,610 - functions - INFO - Initializing fleet manager for fleet 1132012206985, main character 95147667
2025-09-13 13:10:21,092 - functions - INFO - Fleet members renewed successfully: 1 members
2025-09-13 13:10:21,093 - functions - INFO - Fleet manager initialized successfully
2025-09-13 13:11:22,027 - functions - INFO - Fleet members renewed successfully: 1 members
2025-09-13 13:12:32,849 - mcp.server.lowlevel.server - INFO - Processing request of type ListToolsRequest
2025-09-13 13:12:52,303 - mcp.server.lowlevel.server - INFO - Processing request of type CallToolRequest
2025-09-13 13:12:56,597 - functions - INFO - Initializing fleet manager for fleet 1132012206985, main character 95147667
2025-09-13 13:12:58,025 - functions - INFO - Fleet members renewed successfully: 1 members
2025-09-13 13:12:58,025 - functions - INFO - Fleet manager initialized successfully
2025-09-13 13:13:00,804 - functions - INFO - Initializing fleet manager for fleet 1132012206985, main character 95147667
2025-09-13 13:13:01,957 - functions - INFO - Fleet members renewed successfully: 1 members
2025-09-13 13:13:01,957 - functions - INFO - Fleet manager initialized successfully
2025-09-13 13:13:06,662 - functions - INFO - Initializing fleet manager for fleet 1132012206985, main character 95147667
2025-09-13 13:13:08,117 - functions - INFO - Fleet members renewed successfully: 1 members
2025-09-13 13:13:08,117 - functions - INFO - Fleet manager initialized successfully
2025-09-13 13:13:16,972 - mcp.server.lowlevel.server - INFO - Processing request of type CallToolRequest
2025-09-13 13:13:58,959 - functions - INFO - Fleet members renewed successfully: 1 members
2025-09-13 13:14:02,722 - functions - INFO - Fleet members renewed successfully: 1 members
2025-09-13 13:14:09,024 - functions - INFO - Fleet members renewed successfully: 1 members
2025-09-13 13:14:59,892 - functions - INFO - Fleet members renewed successfully: 1 members
2025-09-13 13:15:03,497 - functions - INFO - Fleet members renewed successfully: 1 members
2025-09-13 13:15:09,985 - functions - INFO - Fleet members renewed successfully: 1 members
2025-09-13 13:16:27,142 - functions - INFO - Initializing fleet manager for fleet 1132012206985, main character 95147667
2025-09-13 13:16:28,569 - functions - INFO - Fleet members renewed successfully: 1 members
2025-09-13 13:16:28,569 - functions - INFO - Fleet manager initialized successfully
2025-09-13 13:16:43,667 - functions - INFO - Initializing fleet manager for fleet 1132012206985, main character 95147667
2025-09-13 13:16:45,049 - functions - INFO - Fleet members renewed successfully: 1 members
2025-09-13 13:16:45,050 - functions - INFO - Fleet manager initialized successfully
2025-09-13 13:17:21,922 - mcp.server.lowlevel.server - INFO - Processing request of type ListToolsRequest
2025-09-13 13:17:24,529 - mcp.server.lowlevel.server - INFO - Processing request of type CallToolRequest
2025-09-13 13:17:29,543 - functions - INFO - Fleet members renewed successfully: 1 members
2025-09-13 13:17:46,054 - functions - INFO - Fleet members renewed successfully: 1 members
2025-09-13 13:18:30,485 - functions - INFO - Fleet members renewed successfully: 1 members
2025-09-13 13:18:46,947 - functions - INFO - Fleet members renewed successfully: 1 members
2025-09-13 13:19:31,415 - functions - INFO - Fleet members renewed successfully: 1 members
2025-09-13 13:52:00,103 - functions - INFO - Initializing fleet manager for fleet 1164112206985, main character 95147667
2025-09-13 13:52:01,478 - functions - INFO - Fleet members renewed successfully: 1 members
2025-09-13 13:52:01,478 - functions - INFO - Fleet manager initialized successfully
2025-09-13 13:52:14,474 - functions - INFO - Initializing fleet manager for fleet 1164112206985, main character 95147667
2025-09-13 13:52:15,986 - functions - INFO - Fleet members renewed successfully: 1 members
2025-09-13 13:52:15,986 - functions - INFO - Fleet manager initialized successfully
2025-09-13 13:52:28,938 - mcp.server.lowlevel.server - INFO - Processing request of type ListResourcesRequest
2025-09-13 13:52:30,544 - mcp.server.lowlevel.server - INFO - Processing request of type ReadResourceRequest
2025-09-13 13:52:36,337 - mcp.server.lowlevel.server - INFO - Processing request of type ListResourceTemplatesRequest
2025-09-13 13:52:39,760 - mcp.server.lowlevel.server - INFO - Processing request of type ListPromptsRequest
2025-09-13 13:52:56,694 - mcp.server.lowlevel.server - INFO - Processing request of type GetPromptRequest
2025-09-13 13:53:02,479 - functions - INFO - Fleet members renewed successfully: 1 members
2025-09-13 13:53:04,766 - mcp.server.lowlevel.server - INFO - Processing request of type ListToolsRequest
2025-09-13 13:53:08,534 - mcp.server.lowlevel.server - INFO - Processing request of type CallToolRequest
2025-09-13 13:53:16,885 - functions - INFO - Fleet members renewed successfully: 1 members
2025-09-13 13:53:30,553 - mcp.server.lowlevel.server - INFO - Processing request of type CallToolRequest
2025-09-13 13:53:30,554 - functions - INFO - Starting multiple invitations for [{'char_id': 'alts'}]
2025-09-13 13:53:30,554 - functions - ERROR - Failed to invite character 0: char_id[0] must be a valid ID, got alts
2025-09-13 13:53:30,554 - functions - INFO - Invitation process completed: 0 successful, 1 failed
2025-09-13 13:53:30,554 - functions - ERROR - Error in multi_auto_inv: All invitations failed
2025-09-13 13:53:30,555 - functions - ERROR - Traceback: Traceback (most recent call last):
  File "E:\github\mcp-server-EVEfleet\functions.py", line 104, in wrapper
    result = func(*args, **kwargs)
             ^^^^^^^^^^^^^^^^^^^^^
  File "E:\github\mcp-server-EVEfleet\functions.py", line 218, in multi_auto_inv
    raise FleetManagementError("All invitations failed")
functions.FleetManagementError: All invitations failed

2025-09-13 13:54:02,377 - mcp.server.lowlevel.server - INFO - Processing request of type CallToolRequest
2025-09-13 13:54:02,378 - functions - INFO - Starting multiple invitations for [{'char_id': 'alts'}]
2025-09-13 13:54:02,378 - functions - ERROR - Failed to invite character 0: char_id[0] must be a valid ID, got alts
2025-09-13 13:54:02,378 - functions - INFO - Invitation process completed: 0 successful, 1 failed
2025-09-13 13:54:02,378 - functions - ERROR - Error in multi_auto_inv: All invitations failed
2025-09-13 13:54:02,378 - functions - ERROR - Traceback: Traceback (most recent call last):
  File "E:\github\mcp-server-EVEfleet\functions.py", line 104, in wrapper
    result = func(*args, **kwargs)
             ^^^^^^^^^^^^^^^^^^^^^
  File "E:\github\mcp-server-EVEfleet\functions.py", line 218, in multi_auto_inv
    raise FleetManagementError("All invitations failed")
functions.FleetManagementError: All invitations failed

2025-09-13 13:54:03,455 - functions - INFO - Fleet members renewed successfully: 1 members
2025-09-13 13:54:17,849 - functions - INFO - Fleet members renewed successfully: 1 members
2025-09-13 13:55:04,477 - functions - INFO - Fleet members renewed successfully: 1 members
2025-09-13 13:55:18,903 - functions - INFO - Fleet members renewed successfully: 1 members
2025-09-13 13:55:25,610 - mcp.server.lowlevel.server - INFO - Processing request of type CallToolRequest
2025-09-13 13:55:25,610 - functions - INFO - Starting multiple invitations for [{'char_id': 'alts'}]
2025-09-13 13:55:25,610 - functions - ERROR - Failed to invite character 0: char_id[0] must be a valid ID, got alts
2025-09-13 13:55:25,610 - functions - INFO - Invitation process completed: 0 successful, 1 failed
2025-09-13 13:55:25,610 - functions - ERROR - Error in multi_auto_inv: All invitations failed
2025-09-13 13:55:25,611 - functions - ERROR - Traceback: Traceback (most recent call last):
  File "E:\github\mcp-server-EVEfleet\functions.py", line 104, in wrapper
    result = func(*args, **kwargs)
             ^^^^^^^^^^^^^^^^^^^^^
  File "E:\github\mcp-server-EVEfleet\functions.py", line 218, in multi_auto_inv
    raise FleetManagementError("All invitations failed")
functions.FleetManagementError: All invitations failed

2025-09-13 13:56:05,471 - functions - INFO - Fleet members renewed successfully: 1 members
2025-09-13 13:56:19,868 - functions - INFO - Fleet members renewed successfully: 1 members
2025-09-13 13:57:06,411 - functions - INFO - Fleet members renewed successfully: 1 members
2025-09-13 13:57:20,841 - functions - INFO - Fleet members renewed successfully: 1 members
2025-09-13 13:58:07,332 - functions - INFO - Fleet members renewed successfully: 1 members
2025-09-13 13:58:21,772 - functions - INFO - Fleet members renewed successfully: 1 members
2025-09-13 13:58:40,786 - mcp.server.lowlevel.server - INFO - Processing request of type CallToolRequest
2025-09-13 13:58:40,787 - functions - INFO - Starting multiple invitations for [{'char_id': 'alts'}]
2025-09-13 13:58:40,787 - functions - ERROR - Failed to invite character 0: char_id[0] must be a valid ID, got alts
2025-09-13 13:58:40,787 - functions - INFO - Invitation process completed: 0 successful, 1 failed
2025-09-13 13:58:40,787 - functions - ERROR - Error in multi_auto_inv: All invitations failed
2025-09-13 13:58:40,787 - functions - ERROR - Traceback: Traceback (most recent call last):
  File "E:\github\mcp-server-EVEfleet\functions.py", line 104, in wrapper
    result = func(*args, **kwargs)
             ^^^^^^^^^^^^^^^^^^^^^
  File "E:\github\mcp-server-EVEfleet\functions.py", line 218, in multi_auto_inv
    raise FleetManagementError("All invitations failed")
functions.FleetManagementError: All invitations failed

2025-09-13 13:59:08,313 - functions - INFO - Fleet members renewed successfully: 1 members
2025-09-13 13:59:22,750 - functions - INFO - Fleet members renewed successfully: 1 members
2025-09-13 14:00:09,355 - functions - INFO - Fleet members renewed successfully: 1 members
2025-09-13 14:00:23,708 - functions - INFO - Fleet members renewed successfully: 1 members
2025-09-13 14:00:55,384 - mcp.server.lowlevel.server - INFO - Processing request of type CallToolRequest
2025-09-13 14:01:10,374 - functions - INFO - Fleet members renewed successfully: 1 members
2025-09-13 14:01:24,678 - functions - INFO - Fleet members renewed successfully: 1 members
2025-09-13 14:02:11,395 - functions - INFO - Fleet members renewed successfully: 1 members
2025-09-13 14:02:25,633 - functions - INFO - Fleet members renewed successfully: 1 members
2025-09-13 14:03:12,340 - functions - INFO - Fleet members renewed successfully: 1 members
2025-09-13 14:03:26,547 - functions - INFO - Fleet members renewed successfully: 1 members
2025-09-13 14:04:13,319 - functions - INFO - Fleet members renewed successfully: 1 members
2025-09-13 14:04:27,512 - functions - INFO - Fleet members renewed successfully: 1 members
2025-09-13 14:05:14,269 - functions - INFO - Fleet members renewed successfully: 1 members
2025-09-13 14:05:28,698 - functions - INFO - Fleet members renewed successfully: 1 members
2025-09-13 14:06:14,210 - functions - INFO - Initializing fleet manager for fleet 1164112206985, main character 95147667
2025-09-13 14:06:15,622 - functions - INFO - Fleet members renewed successfully: 1 members
2025-09-13 14:06:15,623 - functions - INFO - Fleet manager initialized successfully
2025-09-13 14:06:25,839 - functions - INFO - Initializing fleet manager for fleet 1164112206985, main character 95147667
2025-09-13 14:06:27,309 - functions - INFO - Fleet members renewed successfully: 1 members
2025-09-13 14:06:27,309 - functions - INFO - Fleet manager initialized successfully
2025-09-13 14:06:39,483 - mcp.server.lowlevel.server - INFO - Processing request of type ListToolsRequest
2025-09-13 14:07:13,992 - mcp.server.lowlevel.server - INFO - Processing request of type CallToolRequest
2025-09-13 14:07:16,577 - functions - INFO - Fleet members renewed successfully: 1 members
2025-09-13 14:07:28,261 - functions - INFO - Fleet members renewed successfully: 1 members
2025-09-13 14:08:17,622 - functions - INFO - Fleet members renewed successfully: 1 members
2025-09-13 14:08:29,211 - functions - INFO - Fleet members renewed successfully: 1 members
2025-09-13 14:09:18,558 - functions - INFO - Fleet members renewed successfully: 1 members
2025-09-13 14:09:30,177 - functions - INFO - Fleet members renewed successfully: 1 members
2025-09-13 14:09:33,212 - mcp.server.lowlevel.server - INFO - Processing request of type CallToolRequest
2025-09-13 14:10:19,560 - functions - INFO - Fleet members renewed successfully: 1 members
2025-09-13 14:10:31,146 - functions - INFO - Fleet members renewed successfully: 1 members
2025-09-13 14:11:22,484 - functions - INFO - Initializing fleet manager for fleet 1164112206985, main character 95147667
2025-09-13 14:11:23,952 - functions - INFO - Fleet members renewed successfully: 1 members
2025-09-13 14:11:23,953 - functions - INFO - Fleet manager initialized successfully
2025-09-13 14:11:35,975 - functions - INFO - Initializing fleet manager for fleet 1164112206985, main character 95147667
2025-09-13 14:11:37,388 - functions - INFO - Fleet members renewed successfully: 1 members
2025-09-13 14:11:37,389 - functions - INFO - Fleet manager initialized successfully
2025-09-13 14:11:40,407 - mcp.server.lowlevel.server - INFO - Processing request of type ListToolsRequest
2025-09-13 14:11:52,501 - mcp.server.lowlevel.server - INFO - Processing request of type CallToolRequest
2025-09-13 14:12:17,309 - mcp.server.lowlevel.server - INFO - Processing request of type CallToolRequest
2025-09-13 14:12:24,958 - functions - INFO - Fleet members renewed successfully: 1 members
2025-09-13 14:12:38,378 - functions - INFO - Fleet members renewed successfully: 1 members
2025-09-13 14:13:25,871 - functions - INFO - Fleet members renewed successfully: 1 members
2025-09-13 14:13:27,845 - mcp.server.lowlevel.server - INFO - Processing request of type CallToolRequest
2025-09-13 14:13:27,846 - functions - INFO - Starting multiple invitations for [{'char_id': 2113359448}]
2025-09-13 14:13:27,846 - functions - INFO - Starting multiple invitations for [{'char_id': 2114946432}]
2025-09-13 14:13:28,425 - functions - INFO - Invitation process completed: 1 successful, 0 failed
2025-09-13 14:13:28,462 - functions - INFO - Invitation process completed: 1 successful, 0 failed
2025-09-13 14:13:39,347 - functions - INFO - Fleet members renewed successfully: 1 members
2025-09-13 14:14:05,645 - mcp.server.lowlevel.server - INFO - Processing request of type CallToolRequest
2025-09-13 14:14:26,929 - functions - INFO - Fleet members renewed successfully: 2 members
2025-09-13 14:14:40,285 - functions - INFO - Fleet members renewed successfully: 2 members
2025-09-13 14:15:27,253 - mcp.server.lowlevel.server - INFO - Processing request of type CallToolRequest
2025-09-13 14:15:27,899 - functions - INFO - Fleet members renewed successfully: 2 members
2025-09-13 14:15:41,249 - functions - INFO - Fleet members renewed successfully: 2 members
2025-09-13 14:16:28,853 - functions - INFO - Fleet members renewed successfully: 2 members
2025-09-13 14:16:42,272 - functions - INFO - Fleet members renewed successfully: 2 members
2025-09-13 14:17:29,806 - functions - INFO - Fleet members renewed successfully: 2 members
2025-09-13 14:17:43,219 - functions - INFO - Fleet members renewed successfully: 2 members
2025-09-13 14:18:30,771 - functions - INFO - Fleet members renewed successfully: 2 members
2025-09-13 14:18:44,174 - functions - INFO - Fleet members renewed successfully: 2 members
2025-09-13 14:19:05,976 - mcp.server.lowlevel.server - INFO - Processing request of type CallToolRequest
2025-09-13 14:19:19,602 - mcp.server.lowlevel.server - INFO - Processing request of type CallToolRequest
2025-09-13 14:19:31,765 - functions - INFO - Fleet members renewed successfully: 2 members
2025-09-13 14:19:32,700 - mcp.server.lowlevel.server - INFO - Processing request of type CallToolRequest
2025-09-13 14:19:45,119 - functions - INFO - Fleet members renewed successfully: 2 members
2025-09-13 14:19:52,921 - mcp.server.lowlevel.server - INFO - Processing request of type CallToolRequest
2025-09-13 14:25:15,998 - functions - INFO - Initializing fleet manager for fleet 1164112206985, main character 95147667
2025-09-13 14:25:17,447 - functions - ERROR - Failed to build fleet tree: 500 Server Error: Internal Server Error for url: https://esi.evetech.net/latest/fleets/1164112206985/wings/?datasource=tranquility
2025-09-13 14:25:17,447 - functions - INFO - Fleet members renewed successfully: 2 members
2025-09-13 14:25:17,447 - functions - INFO - Fleet manager initialized successfully
2025-09-13 14:25:30,350 - functions - INFO - Initializing fleet manager for fleet 1164112206985, main character 95147667
2025-09-13 14:25:31,807 - functions - INFO - Fleet members renewed successfully: 2 members
2025-09-13 14:25:31,807 - functions - INFO - Fleet manager initialized successfully
2025-09-13 14:25:35,944 - mcp.server.lowlevel.server - INFO - Processing request of type ListToolsRequest
2025-09-13 14:25:43,423 - mcp.server.lowlevel.server - INFO - Processing request of type CallToolRequest
2025-09-13 14:26:18,466 - functions - INFO - Fleet members renewed successfully: 2 members
2025-09-13 14:26:22,978 - mcp.server.lowlevel.server - INFO - Processing request of type CallToolRequest
2025-09-13 14:26:23,861 - functions - INFO - Fleet members renewed successfully: 2 members
2025-09-13 14:26:32,794 - functions - INFO - Fleet members renewed successfully: 2 members
2025-09-13 14:27:19,430 - functions - INFO - Fleet members renewed successfully: 2 members
2025-09-13 14:27:21,587 - mcp.server.lowlevel.server - INFO - Processing request of type CallToolRequest
2025-09-13 14:27:22,351 - functions - INFO - Fleet members renewed successfully: 2 members
2025-09-13 14:27:33,736 - functions - INFO - Fleet members renewed successfully: 2 members
2025-09-13 14:28:20,410 - functions - INFO - Fleet members renewed successfully: 2 members
2025-09-13 14:28:34,668 - functions - INFO - Fleet members renewed successfully: 2 members
2025-09-13 14:29:20,899 - functions - ERROR - Error in renew_members: Failed to renew fleet members: 404 Client Error: Not Found for url: https://esi.evetech.net/latest/fleets/1164112206985/members/?datasource=tranquility
2025-09-13 14:29:20,901 - functions - ERROR - Traceback: Traceback (most recent call last):
  File "E:\github\mcp-server-EVEfleet\functions.py", line 487, in renew_members
    fleet_members_list = get_sso_fleetmembers(self.access_token, self.fleet_id)
                         ^^^^^^^^^^^^^^^^^^^^^^^^^^^^^^^^^^^^^^^^^^^^^^^^^^^^^^
  File "E:\github\mcp-server-EVEfleet\IO\fleet_api.py", line 94, in get_sso_fleetmembers
    res.raise_for_status()
  File "E:\github\mcp-server-EVEfleet\.venv\Lib\site-packages\requests\models.py", line 1024, in raise_for_status
    raise HTTPError(http_error_msg, response=self)
requests.exceptions.HTTPError: 404 Client Error: Not Found for url: https://esi.evetech.net/latest/fleets/1164112206985/members/?datasource=tranquility

The above exception was the direct cause of the following exception:

Traceback (most recent call last):
  File "E:\github\mcp-server-EVEfleet\functions.py", line 104, in wrapper
    result = func(*args, **kwargs)
             ^^^^^^^^^^^^^^^^^^^^^
  File "E:\github\mcp-server-EVEfleet\functions.py", line 549, in renew_members
    raise FleetManagementError(f"Failed to renew fleet members: {str(e)}") from e
functions.FleetManagementError: Failed to renew fleet members: 404 Client Error: Not Found for url: https://esi.evetech.net/latest/fleets/1164112206985/members/?datasource=tranquility

